============================= test session starts =============================
platform win32 -- Python 3.14.0, pytest-9.0.1, pluggy-1.6.0
rootdir: C:\Users\91950\Desktop\gitta-trader-ai
plugins: anyio-4.11.0
collected 7 items

tests\test_safety_layer.py .......                                       [100%]

============================== 7 passed in 0.22s ==============================
